---
source: crates/spelldawn/tests/it/core/create_game_tests.rs
assertion_line: 168
expression: "Summary::summarize(&response)"
---

command_list: 
    UpdateGameView: 
        user: 
            side: Champion
            player_info: 
                name: "Test Champion Identity"
                portrait: "<SpriteAddress>"
                portrait_frame: "<SpriteAddress>"
                card_back: "<SpriteAddress>"
            valid_rooms_to_visit: 
            mana: 5
            action_tracker: 0
            score: 0
            can_take_action: false
        opponent: 
            side: Overlord
            player_info: 
                name: "Test Overlord Identity"
                portrait: "<SpriteAddress>"
                portrait_frame: "<SpriteAddress>"
                card_back: "<SpriteAddress>"
            valid_rooms_to_visit: 
            mana: 5
            action_tracker: 0
            score: 0
            can_take_action: true
        raid_active: false
        game_object_positions: 
            user_deck: 
                sorting_key: 1
                position: ObjectPositionDeckContainer { owner: User }
            opponent_deck: 
                sorting_key: 1
                position: ObjectPositionDeckContainer { owner: Opponent }
            user_identity: 
                sorting_key: 1
                position: ObjectPositionIdentityContainer { owner: User }
            opponent_identity: 
                sorting_key: 1
                position: ObjectPositionIdentityContainer { owner: Opponent }
            user_discard: 
                sorting_key: 1
                position: ObjectPositionDiscardPileContainer { owner: User }
            opponent_discard: 
                sorting_key: 1
                position: ObjectPositionDiscardPileContainer { owner: Opponent }
    cards: 
        card_id: O0
        revealed_to_viewer: true
        is_face_up: false
        card_icons: 
        arena_frame: "<SpriteAddress>"
        owning_player: Opponent
        revealed_card: 
            card_frame: "<SpriteAddress>"
            title_background: "<SpriteAddress>"
            jewel: "<SpriteAddress>"
            image: "<SpriteAddress>"
            title: "Test Overlord Identity"
            rules_text: "<RulesText>"
            targeting: 
                can_play: false
            on_release_position: 
                sorting_key: 1
                position: ObjectPositionStaging
        card_id: O4
        revealed_to_viewer: false
        is_face_up: false
        card_icons: 
        arena_frame: "<SpriteAddress>"
        owning_player: Opponent
        card_id: O8
        revealed_to_viewer: false
        is_face_up: false
        card_icons: 
        arena_frame: "<SpriteAddress>"
        owning_player: Opponent
        card_id: O9
        revealed_to_viewer: false
        is_face_up: false
        card_icons: 
        arena_frame: "<SpriteAddress>"
        owning_player: Opponent
        card_id: O25
        revealed_to_viewer: false
        is_face_up: false
        card_icons: 
        arena_frame: "<SpriteAddress>"
        owning_player: Opponent
        card_id: O36
        revealed_to_viewer: false
        is_face_up: false
        card_icons: 
        arena_frame: "<SpriteAddress>"
        owning_player: Opponent
        card_id: C0
        revealed_to_viewer: true
        is_face_up: false
        card_icons: 
        arena_frame: "<SpriteAddress>"
        owning_player: User
        revealed_card: 
            card_frame: "<SpriteAddress>"
            title_background: "<SpriteAddress>"
            jewel: "<SpriteAddress>"
            image: "<SpriteAddress>"
            title: "Test Champion Identity"
            rules_text: "<RulesText>"
            targeting: 
                can_play: false
            on_release_position: 
                sorting_key: 1
                position: ObjectPositionStaging
        card_id: C10
        revealed_to_viewer: true
        is_face_up: false
        card_icons: 
            top_left_icon: "1"
        arena_frame: "<SpriteAddress>"
        owning_player: User
        revealed_card: 
            card_frame: "<SpriteAddress>"
            title_background: "<SpriteAddress>"
            jewel: "<SpriteAddress>"
            image: "<SpriteAddress>"
            title: "Test Champion Spell"
            rules_text: "<RulesText>"
            targeting: 
                can_play: false
            on_release_position: 
                sorting_key: 18
                position: ObjectPositionStaging
        card_id: C17
        revealed_to_viewer: true
        is_face_up: false
        card_icons: 
            top_left_icon: "1"
        arena_frame: "<SpriteAddress>"
        owning_player: User
        revealed_card: 
            card_frame: "<SpriteAddress>"
            title_background: "<SpriteAddress>"
            jewel: "<SpriteAddress>"
            image: "<SpriteAddress>"
            title: "Test Champion Spell"
            rules_text: "<RulesText>"
            targeting: 
                can_play: false
            on_release_position: 
                sorting_key: 20
                position: ObjectPositionStaging
        card_id: C23
        revealed_to_viewer: true
        is_face_up: false
        card_icons: 
            top_left_icon: "1"
        arena_frame: "<SpriteAddress>"
        owning_player: User
        revealed_card: 
            card_frame: "<SpriteAddress>"
            title_background: "<SpriteAddress>"
            jewel: "<SpriteAddress>"
            image: "<SpriteAddress>"
            title: "Test Champion Spell"
            rules_text: "<RulesText>"
            targeting: 
                can_play: false
            on_release_position: 
                sorting_key: 17
                position: ObjectPositionStaging
        card_id: C29
        revealed_to_viewer: true
        is_face_up: false
        card_icons: 
            top_left_icon: "1"
        arena_frame: "<SpriteAddress>"
        owning_player: User
        revealed_card: 
            card_frame: "<SpriteAddress>"
            title_background: "<SpriteAddress>"
            jewel: "<SpriteAddress>"
            image: "<SpriteAddress>"
            title: "Test Champion Spell"
            rules_text: "<RulesText>"
            targeting: 
                can_play: false
            on_release_position: 
                sorting_key: 21
                position: ObjectPositionStaging
        card_id: C43
        revealed_to_viewer: true
        is_face_up: false
        card_icons: 
            top_left_icon: "1"
        arena_frame: "<SpriteAddress>"
        owning_player: User
        revealed_card: 
            card_frame: "<SpriteAddress>"
            title_background: "<SpriteAddress>"
            jewel: "<SpriteAddress>"
            image: "<SpriteAddress>"
            title: "Test Champion Spell"
            rules_text: "<RulesText>"
            targeting: 
                can_play: false
            on_release_position: 
                sorting_key: 19
                position: ObjectPositionStaging
    DisplayGameMessage: Dusk
    UpdateGameView: 
        user: 
            side: Champion
            player_info: 
                name: "Test Champion Identity"
                portrait: "<SpriteAddress>"
                portrait_frame: "<SpriteAddress>"
                card_back: "<SpriteAddress>"
            valid_rooms_to_visit: 
            mana: 5
            action_tracker: 0
            score: 0
            can_take_action: false
        opponent: 
            side: Overlord
            player_info: 
                name: "Test Overlord Identity"
                portrait: "<SpriteAddress>"
                portrait_frame: "<SpriteAddress>"
                card_back: "<SpriteAddress>"
            valid_rooms_to_visit: 
            mana: 5
            action_tracker: 3
            score: 0
            can_take_action: true
        raid_active: false
        game_object_positions: 
            user_deck: 
                sorting_key: 1
                position: ObjectPositionDeckContainer { owner: User }
            opponent_deck: 
                sorting_key: 1
                position: ObjectPositionDeckContainer { owner: Opponent }
            user_identity: 
                sorting_key: 1
                position: ObjectPositionIdentityContainer { owner: User }
            opponent_identity: 
                sorting_key: 1
                position: ObjectPositionIdentityContainer { owner: Opponent }
            user_discard: 
                sorting_key: 1
                position: ObjectPositionDiscardPileContainer { owner: User }
            opponent_discard: 
                sorting_key: 1
                position: ObjectPositionDiscardPileContainer { owner: Opponent }
    cards: 
        card_id: O0
        revealed_to_viewer: true
        is_face_up: false
        card_icons: 
        arena_frame: "<SpriteAddress>"
        owning_player: Opponent
        revealed_card: 
            card_frame: "<SpriteAddress>"
            title_background: "<SpriteAddress>"
            jewel: "<SpriteAddress>"
            image: "<SpriteAddress>"
            title: "Test Overlord Identity"
            rules_text: "<RulesText>"
            targeting: 
                can_play: false
            on_release_position: 
                sorting_key: 1
                position: ObjectPositionStaging
        card_id: O4
        revealed_to_viewer: false
        is_face_up: false
        card_icons: 
        arena_frame: "<SpriteAddress>"
        owning_player: Opponent
        card_id: O8
        revealed_to_viewer: false
        is_face_up: false
        card_icons: 
        arena_frame: "<SpriteAddress>"
        owning_player: Opponent
        card_id: O9
        revealed_to_viewer: false
        is_face_up: false
        card_icons: 
        arena_frame: "<SpriteAddress>"
        owning_player: Opponent
        card_id: O18
        revealed_to_viewer: false
        is_face_up: false
        card_icons: 
        arena_frame: "<SpriteAddress>"
        owning_player: Opponent
        card_id: O25
        revealed_to_viewer: false
        is_face_up: false
        card_icons: 
        arena_frame: "<SpriteAddress>"
        owning_player: Opponent
        card_id: O36
        revealed_to_viewer: false
        is_face_up: false
        card_icons: 
        arena_frame: "<SpriteAddress>"
        owning_player: Opponent
        card_id: C0
        revealed_to_viewer: true
        is_face_up: false
        card_icons: 
        arena_frame: "<SpriteAddress>"
        owning_player: User
        revealed_card: 
            card_frame: "<SpriteAddress>"
            title_background: "<SpriteAddress>"
            jewel: "<SpriteAddress>"
            image: "<SpriteAddress>"
            title: "Test Champion Identity"
            rules_text: "<RulesText>"
            targeting: 
                can_play: false
            on_release_position: 
                sorting_key: 1
                position: ObjectPositionStaging
        card_id: C10
        revealed_to_viewer: true
        is_face_up: false
        card_icons: 
            top_left_icon: "1"
        arena_frame: "<SpriteAddress>"
        owning_player: User
        revealed_card: 
            card_frame: "<SpriteAddress>"
            title_background: "<SpriteAddress>"
            jewel: "<SpriteAddress>"
            image: "<SpriteAddress>"
            title: "Test Champion Spell"
            rules_text: "<RulesText>"
            targeting: 
                can_play: false
            on_release_position: 
                sorting_key: 18
                position: ObjectPositionStaging
        card_id: C17
        revealed_to_viewer: true
        is_face_up: false
        card_icons: 
            top_left_icon: "1"
        arena_frame: "<SpriteAddress>"
        owning_player: User
        revealed_card: 
            card_frame: "<SpriteAddress>"
            title_background: "<SpriteAddress>"
            jewel: "<SpriteAddress>"
            image: "<SpriteAddress>"
            title: "Test Champion Spell"
            rules_text: "<RulesText>"
            targeting: 
                can_play: false
            on_release_position: 
                sorting_key: 20
                position: ObjectPositionStaging
        card_id: C23
        revealed_to_viewer: true
        is_face_up: false
        card_icons: 
            top_left_icon: "1"
        arena_frame: "<SpriteAddress>"
        owning_player: User
        revealed_card: 
            card_frame: "<SpriteAddress>"
            title_background: "<SpriteAddress>"
            jewel: "<SpriteAddress>"
            image: "<SpriteAddress>"
            title: "Test Champion Spell"
            rules_text: "<RulesText>"
            targeting: 
                can_play: false
            on_release_position: 
                sorting_key: 17
                position: ObjectPositionStaging
        card_id: C29
        revealed_to_viewer: true
        is_face_up: false
        card_icons: 
            top_left_icon: "1"
        arena_frame: "<SpriteAddress>"
        owning_player: User
        revealed_card: 
            card_frame: "<SpriteAddress>"
            title_background: "<SpriteAddress>"
            jewel: "<SpriteAddress>"
            image: "<SpriteAddress>"
            title: "Test Champion Spell"
            rules_text: "<RulesText>"
            targeting: 
                can_play: false
            on_release_position: 
                sorting_key: 21
                position: ObjectPositionStaging
        card_id: C43
        revealed_to_viewer: true
        is_face_up: false
        card_icons: 
            top_left_icon: "1"
        arena_frame: "<SpriteAddress>"
        owning_player: User
        revealed_card: 
            card_frame: "<SpriteAddress>"
            title_background: "<SpriteAddress>"
            jewel: "<SpriteAddress>"
            image: "<SpriteAddress>"
            title: "Test Champion Spell"
            rules_text: "<RulesText>"
            targeting: 
                can_play: false
            on_release_position: 
                sorting_key: 19
                position: ObjectPositionStaging
    UpdateGameView: 
        user: 
            side: Champion
            player_info: 
                name: "Test Champion Identity"
                portrait: "<SpriteAddress>"
                portrait_frame: "<SpriteAddress>"
                card_back: "<SpriteAddress>"
            valid_rooms_to_visit: 
            mana: 5
            action_tracker: 0
            score: 0
            can_take_action: false
        opponent: 
            side: Overlord
            player_info: 
                name: "Test Overlord Identity"
                portrait: "<SpriteAddress>"
                portrait_frame: "<SpriteAddress>"
                card_back: "<SpriteAddress>"
            valid_rooms_to_visit: 
            mana: 5
            action_tracker: 3
            score: 0
            can_take_action: true
        raid_active: false
        game_object_positions: 
            user_deck: 
                sorting_key: 1
                position: ObjectPositionDeckContainer { owner: User }
            opponent_deck: 
                sorting_key: 1
                position: ObjectPositionDeckContainer { owner: Opponent }
            user_identity: 
                sorting_key: 1
                position: ObjectPositionIdentityContainer { owner: User }
            opponent_identity: 
                sorting_key: 1
                position: ObjectPositionIdentityContainer { owner: Opponent }
            user_discard: 
                sorting_key: 1
                position: ObjectPositionDiscardPileContainer { owner: User }
            opponent_discard: 
                sorting_key: 1
                position: ObjectPositionDiscardPileContainer { owner: Opponent }
    cards: 
        card_id: O0
        revealed_to_viewer: true
        is_face_up: false
        card_icons: 
        arena_frame: "<SpriteAddress>"
        owning_player: Opponent
        revealed_card: 
            card_frame: "<SpriteAddress>"
            title_background: "<SpriteAddress>"
            jewel: "<SpriteAddress>"
            image: "<SpriteAddress>"
            title: "Test Overlord Identity"
            rules_text: "<RulesText>"
            targeting: 
                can_play: false
            on_release_position: 
                sorting_key: 1
                position: ObjectPositionStaging
        card_id: O4
        revealed_to_viewer: false
        is_face_up: false
        card_icons: 
        arena_frame: "<SpriteAddress>"
        owning_player: Opponent
        card_id: O8
        revealed_to_viewer: false
        is_face_up: false
        card_icons: 
        arena_frame: "<SpriteAddress>"
        owning_player: Opponent
        card_id: O9
        revealed_to_viewer: false
        is_face_up: false
        card_icons: 
        arena_frame: "<SpriteAddress>"
        owning_player: Opponent
        card_id: O18
        revealed_to_viewer: false
        is_face_up: false
        card_icons: 
        arena_frame: "<SpriteAddress>"
        owning_player: Opponent
        card_id: O25
        revealed_to_viewer: false
        is_face_up: false
        card_icons: 
        arena_frame: "<SpriteAddress>"
        owning_player: Opponent
        card_id: O36
        revealed_to_viewer: false
        is_face_up: false
        card_icons: 
        arena_frame: "<SpriteAddress>"
        owning_player: Opponent
        card_id: C0
        revealed_to_viewer: true
        is_face_up: false
        card_icons: 
        arena_frame: "<SpriteAddress>"
        owning_player: User
        revealed_card: 
            card_frame: "<SpriteAddress>"
            title_background: "<SpriteAddress>"
            jewel: "<SpriteAddress>"
            image: "<SpriteAddress>"
            title: "Test Champion Identity"
            rules_text: "<RulesText>"
            targeting: 
                can_play: false
            on_release_position: 
                sorting_key: 1
                position: ObjectPositionStaging
        card_id: C10
        revealed_to_viewer: true
        is_face_up: false
        card_icons: 
            top_left_icon: "1"
        arena_frame: "<SpriteAddress>"
        owning_player: User
        revealed_card: 
            card_frame: "<SpriteAddress>"
            title_background: "<SpriteAddress>"
            jewel: "<SpriteAddress>"
            image: "<SpriteAddress>"
            title: "Test Champion Spell"
            rules_text: "<RulesText>"
            targeting: 
                can_play: false
            on_release_position: 
                sorting_key: 18
                position: ObjectPositionStaging
        card_id: C17
        revealed_to_viewer: true
        is_face_up: false
        card_icons: 
            top_left_icon: "1"
        arena_frame: "<SpriteAddress>"
        owning_player: User
        revealed_card: 
            card_frame: "<SpriteAddress>"
            title_background: "<SpriteAddress>"
            jewel: "<SpriteAddress>"
            image: "<SpriteAddress>"
            title: "Test Champion Spell"
            rules_text: "<RulesText>"
            targeting: 
                can_play: false
            on_release_position: 
                sorting_key: 20
                position: ObjectPositionStaging
        card_id: C23
        revealed_to_viewer: true
        is_face_up: false
        card_icons: 
            top_left_icon: "1"
        arena_frame: "<SpriteAddress>"
        owning_player: User
        revealed_card: 
            card_frame: "<SpriteAddress>"
            title_background: "<SpriteAddress>"
            jewel: "<SpriteAddress>"
            image: "<SpriteAddress>"
            title: "Test Champion Spell"
            rules_text: "<RulesText>"
            targeting: 
                can_play: false
            on_release_position: 
                sorting_key: 17
                position: ObjectPositionStaging
        card_id: C29
        revealed_to_viewer: true
        is_face_up: false
        card_icons: 
            top_left_icon: "1"
        arena_frame: "<SpriteAddress>"
        owning_player: User
        revealed_card: 
            card_frame: "<SpriteAddress>"
            title_background: "<SpriteAddress>"
            jewel: "<SpriteAddress>"
            image: "<SpriteAddress>"
            title: "Test Champion Spell"
            rules_text: "<RulesText>"
            targeting: 
                can_play: false
            on_release_position: 
                sorting_key: 21
                position: ObjectPositionStaging
        card_id: C43
        revealed_to_viewer: true
        is_face_up: false
        card_icons: 
            top_left_icon: "1"
        arena_frame: "<SpriteAddress>"
        owning_player: User
        revealed_card: 
            card_frame: "<SpriteAddress>"
            title_background: "<SpriteAddress>"
            jewel: "<SpriteAddress>"
            image: "<SpriteAddress>"
            title: "Test Champion Spell"
            rules_text: "<RulesText>"
            targeting: 
                can_play: false
            on_release_position: 
                sorting_key: 19
                position: ObjectPositionStaging
channel_response: 
    UpdateGameView: 
        user: 
            side: Overlord
            player_info: 
                name: "Test Overlord Identity"
                portrait: "<SpriteAddress>"
                portrait_frame: "<SpriteAddress>"
                card_back: "<SpriteAddress>"
            valid_rooms_to_visit: 
            mana: 5
            action_tracker: 0
            score: 0
            can_take_action: true
        opponent: 
            side: Champion
            player_info: 
                name: "Test Champion Identity"
                portrait: "<SpriteAddress>"
                portrait_frame: "<SpriteAddress>"
                card_back: "<SpriteAddress>"
            valid_rooms_to_visit: 
            mana: 5
            action_tracker: 0
            score: 0
            can_take_action: false
        raid_active: false
        game_object_positions: 
            user_deck: 
                sorting_key: 1
                position: ObjectPositionDeckContainer { owner: User }
            opponent_deck: 
                sorting_key: 1
                position: ObjectPositionDeckContainer { owner: Opponent }
            user_identity: 
                sorting_key: 1
                position: ObjectPositionIdentityContainer { owner: User }
            opponent_identity: 
                sorting_key: 1
                position: ObjectPositionIdentityContainer { owner: Opponent }
            user_discard: 
                sorting_key: 1
                position: ObjectPositionDiscardPileContainer { owner: User }
            opponent_discard: 
                sorting_key: 1
                position: ObjectPositionDiscardPileContainer { owner: Opponent }
    cards: 
        card_id: O0
        revealed_to_viewer: true
        is_face_up: false
        card_icons: 
        arena_frame: "<SpriteAddress>"
        owning_player: User
        revealed_card: 
            card_frame: "<SpriteAddress>"
            title_background: "<SpriteAddress>"
            jewel: "<SpriteAddress>"
            image: "<SpriteAddress>"
            title: "Test Overlord Identity"
            rules_text: "<RulesText>"
            targeting: 
                can_play: false
            on_release_position: 
                sorting_key: 1
                position: ObjectPositionStaging
        card_id: O4
        revealed_to_viewer: true
        is_face_up: false
        card_icons: 
            top_left_icon: "1"
        arena_frame: "<SpriteAddress>"
        owning_player: User
        revealed_card: 
            card_frame: "<SpriteAddress>"
            title_background: "<SpriteAddress>"
            jewel: "<SpriteAddress>"
            image: "<SpriteAddress>"
            title: "Test Overlord Spell"
            rules_text: "<RulesText>"
            targeting: 
                can_play: false
            on_release_position: 
                sorting_key: 7
                position: ObjectPositionStaging
        card_id: O8
        revealed_to_viewer: true
        is_face_up: false
        card_icons: 
            top_left_icon: "1"
        arena_frame: "<SpriteAddress>"
        owning_player: User
        revealed_card: 
            card_frame: "<SpriteAddress>"
            title_background: "<SpriteAddress>"
            jewel: "<SpriteAddress>"
            image: "<SpriteAddress>"
            title: "Test Overlord Spell"
            rules_text: "<RulesText>"
            targeting: 
                can_play: false
            on_release_position: 
                sorting_key: 10
                position: ObjectPositionStaging
        card_id: O9
        revealed_to_viewer: true
        is_face_up: false
        card_icons: 
            top_left_icon: "1"
        arena_frame: "<SpriteAddress>"
        owning_player: User
        revealed_card: 
            card_frame: "<SpriteAddress>"
            title_background: "<SpriteAddress>"
            jewel: "<SpriteAddress>"
            image: "<SpriteAddress>"
            title: "Test Overlord Spell"
            rules_text: "<RulesText>"
            targeting: 
                can_play: false
            on_release_position: 
                sorting_key: 11
                position: ObjectPositionStaging
        card_id: O25
        revealed_to_viewer: true
        is_face_up: false
        card_icons: 
            top_left_icon: "1"
        arena_frame: "<SpriteAddress>"
        owning_player: User
        revealed_card: 
            card_frame: "<SpriteAddress>"
            title_background: "<SpriteAddress>"
            jewel: "<SpriteAddress>"
            image: "<SpriteAddress>"
            title: "Test Overlord Spell"
            rules_text: "<RulesText>"
            targeting: 
                can_play: false
            on_release_position: 
                sorting_key: 8
                position: ObjectPositionStaging
        card_id: O36
        revealed_to_viewer: true
        is_face_up: false
        card_icons: 
            top_left_icon: "1"
        arena_frame: "<SpriteAddress>"
        owning_player: User
        revealed_card: 
            card_frame: "<SpriteAddress>"
            title_background: "<SpriteAddress>"
            jewel: "<SpriteAddress>"
            image: "<SpriteAddress>"
            title: "Test Overlord Spell"
            rules_text: "<RulesText>"
            targeting: 
                can_play: false
            on_release_position: 
                sorting_key: 9
                position: ObjectPositionStaging
        card_id: C0
        revealed_to_viewer: true
        is_face_up: false
        card_icons: 
        arena_frame: "<SpriteAddress>"
        owning_player: Opponent
        revealed_card: 
            card_frame: "<SpriteAddress>"
            title_background: "<SpriteAddress>"
            jewel: "<SpriteAddress>"
            image: "<SpriteAddress>"
            title: "Test Champion Identity"
            rules_text: "<RulesText>"
            targeting: 
                can_play: false
            on_release_position: 
                sorting_key: 1
                position: ObjectPositionStaging
        card_id: C10
        revealed_to_viewer: false
        is_face_up: false
        card_icons: 
        arena_frame: "<SpriteAddress>"
        owning_player: Opponent
        card_id: C17
        revealed_to_viewer: false
        is_face_up: false
        card_icons: 
        arena_frame: "<SpriteAddress>"
        owning_player: Opponent
        card_id: C23
        revealed_to_viewer: false
        is_face_up: false
        card_icons: 
        arena_frame: "<SpriteAddress>"
        owning_player: Opponent
        card_id: C29
        revealed_to_viewer: false
        is_face_up: false
        card_icons: 
        arena_frame: "<SpriteAddress>"
        owning_player: Opponent
        card_id: C43
        revealed_to_viewer: false
        is_face_up: false
        card_icons: 
        arena_frame: "<SpriteAddress>"
        owning_player: Opponent
    DisplayGameMessage: Dusk
    UpdateGameView: 
        user: 
            side: Overlord
            player_info: 
                name: "Test Overlord Identity"
                portrait: "<SpriteAddress>"
                portrait_frame: "<SpriteAddress>"
                card_back: "<SpriteAddress>"
            valid_rooms_to_visit: 
            mana: 5
            action_tracker: 3
            score: 0
            can_take_action: true
        opponent: 
            side: Champion
            player_info: 
                name: "Test Champion Identity"
                portrait: "<SpriteAddress>"
                portrait_frame: "<SpriteAddress>"
                card_back: "<SpriteAddress>"
            valid_rooms_to_visit: 
            mana: 5
            action_tracker: 0
            score: 0
            can_take_action: false
        raid_active: false
        game_object_positions: 
            user_deck: 
                sorting_key: 1
                position: ObjectPositionDeckContainer { owner: User }
            opponent_deck: 
                sorting_key: 1
                position: ObjectPositionDeckContainer { owner: Opponent }
            user_identity: 
                sorting_key: 1
                position: ObjectPositionIdentityContainer { owner: User }
            opponent_identity: 
                sorting_key: 1
                position: ObjectPositionIdentityContainer { owner: Opponent }
            user_discard: 
                sorting_key: 1
                position: ObjectPositionDiscardPileContainer { owner: User }
            opponent_discard: 
                sorting_key: 1
                position: ObjectPositionDiscardPileContainer { owner: Opponent }
    cards: 
        card_id: O0
        revealed_to_viewer: true
        is_face_up: false
        card_icons: 
        arena_frame: "<SpriteAddress>"
        owning_player: User
        revealed_card: 
            card_frame: "<SpriteAddress>"
            title_background: "<SpriteAddress>"
            jewel: "<SpriteAddress>"
            image: "<SpriteAddress>"
            title: "Test Overlord Identity"
            rules_text: "<RulesText>"
            targeting: 
                can_play: false
            on_release_position: 
                sorting_key: 1
                position: ObjectPositionStaging
        card_id: O4
        revealed_to_viewer: true
        is_face_up: false
        card_icons: 
            top_left_icon: "1"
        arena_frame: "<SpriteAddress>"
        owning_player: User
        revealed_card: 
            card_frame: "<SpriteAddress>"
            title_background: "<SpriteAddress>"
            jewel: "<SpriteAddress>"
            image: "<SpriteAddress>"
            title: "Test Overlord Spell"
            rules_text: "<RulesText>"
            targeting: 
                can_play: true
            on_release_position: 
                sorting_key: 7
                position: ObjectPositionStaging
        card_id: O8
        revealed_to_viewer: true
        is_face_up: false
        card_icons: 
            top_left_icon: "1"
        arena_frame: "<SpriteAddress>"
        owning_player: User
        revealed_card: 
            card_frame: "<SpriteAddress>"
            title_background: "<SpriteAddress>"
            jewel: "<SpriteAddress>"
            image: "<SpriteAddress>"
            title: "Test Overlord Spell"
            rules_text: "<RulesText>"
            targeting: 
                can_play: true
            on_release_position: 
                sorting_key: 10
                position: ObjectPositionStaging
        card_id: O9
        revealed_to_viewer: true
        is_face_up: false
        card_icons: 
            top_left_icon: "1"
        arena_frame: "<SpriteAddress>"
        owning_player: User
        revealed_card: 
            card_frame: "<SpriteAddress>"
            title_background: "<SpriteAddress>"
            jewel: "<SpriteAddress>"
            image: "<SpriteAddress>"
            title: "Test Overlord Spell"
            rules_text: "<RulesText>"
            targeting: 
                can_play: true
            on_release_position: 
                sorting_key: 11
                position: ObjectPositionStaging
        card_id: O18
        revealed_to_viewer: true
        is_face_up: false
        card_icons: 
            top_left_icon: "1"
        arena_frame: "<SpriteAddress>"
        owning_player: User
        revealed_card: 
            card_frame: "<SpriteAddress>"
            title_background: "<SpriteAddress>"
            jewel: "<SpriteAddress>"
            image: "<SpriteAddress>"
            title: "Test Overlord Spell"
            rules_text: "<RulesText>"
            targeting: 
                can_play: false
            on_release_position: 
                sorting_key: 22
                position: ObjectPositionStaging
        card_id: O25
        revealed_to_viewer: true
        is_face_up: false
        card_icons: 
            top_left_icon: "1"
        arena_frame: "<SpriteAddress>"
        owning_player: User
        revealed_card: 
            card_frame: "<SpriteAddress>"
            title_background: "<SpriteAddress>"
            jewel: "<SpriteAddress>"
            image: "<SpriteAddress>"
            title: "Test Overlord Spell"
            rules_text: "<RulesText>"
            targeting: 
                can_play: true
            on_release_position: 
                sorting_key: 8
                position: ObjectPositionStaging
        card_id: O36
        revealed_to_viewer: true
        is_face_up: false
        card_icons: 
            top_left_icon: "1"
        arena_frame: "<SpriteAddress>"
        owning_player: User
        revealed_card: 
            card_frame: "<SpriteAddress>"
            title_background: "<SpriteAddress>"
            jewel: "<SpriteAddress>"
            image: "<SpriteAddress>"
            title: "Test Overlord Spell"
            rules_text: "<RulesText>"
            targeting: 
                can_play: true
            on_release_position: 
                sorting_key: 9
                position: ObjectPositionStaging
        card_id: C0
        revealed_to_viewer: true
        is_face_up: false
        card_icons: 
        arena_frame: "<SpriteAddress>"
        owning_player: Opponent
        revealed_card: 
            card_frame: "<SpriteAddress>"
            title_background: "<SpriteAddress>"
            jewel: "<SpriteAddress>"
            image: "<SpriteAddress>"
            title: "Test Champion Identity"
            rules_text: "<RulesText>"
            targeting: 
                can_play: false
            on_release_position: 
                sorting_key: 1
                position: ObjectPositionStaging
        card_id: C10
        revealed_to_viewer: false
        is_face_up: false
        card_icons: 
        arena_frame: "<SpriteAddress>"
        owning_player: Opponent
        card_id: C17
        revealed_to_viewer: false
        is_face_up: false
        card_icons: 
        arena_frame: "<SpriteAddress>"
        owning_player: Opponent
        card_id: C23
        revealed_to_viewer: false
        is_face_up: false
        card_icons: 
        arena_frame: "<SpriteAddress>"
        owning_player: Opponent
        card_id: C29
        revealed_to_viewer: false
        is_face_up: false
        card_icons: 
        arena_frame: "<SpriteAddress>"
        owning_player: Opponent
        card_id: C43
        revealed_to_viewer: false
        is_face_up: false
        card_icons: 
        arena_frame: "<SpriteAddress>"
        owning_player: Opponent
    MoveMultipleGameObjects: 
        id: O18
        position: 
            sorting_key: 1
            position: ObjectPositionRevealedCards { size: Small }
    UpdateGameView: 
        user: 
            side: Overlord
            player_info: 
                name: "Test Overlord Identity"
                portrait: "<SpriteAddress>"
                portrait_frame: "<SpriteAddress>"
                card_back: "<SpriteAddress>"
            valid_rooms_to_visit: 
            mana: 5
            action_tracker: 3
            score: 0
            can_take_action: true
        opponent: 
            side: Champion
            player_info: 
                name: "Test Champion Identity"
                portrait: "<SpriteAddress>"
                portrait_frame: "<SpriteAddress>"
                card_back: "<SpriteAddress>"
            valid_rooms_to_visit: 
            mana: 5
            action_tracker: 0
            score: 0
            can_take_action: false
        raid_active: false
        game_object_positions: 
            user_deck: 
                sorting_key: 1
                position: ObjectPositionDeckContainer { owner: User }
            opponent_deck: 
                sorting_key: 1
                position: ObjectPositionDeckContainer { owner: Opponent }
            user_identity: 
                sorting_key: 1
                position: ObjectPositionIdentityContainer { owner: User }
            opponent_identity: 
                sorting_key: 1
                position: ObjectPositionIdentityContainer { owner: Opponent }
            user_discard: 
                sorting_key: 1
                position: ObjectPositionDiscardPileContainer { owner: User }
            opponent_discard: 
                sorting_key: 1
                position: ObjectPositionDiscardPileContainer { owner: Opponent }
    cards: 
        card_id: O0
        revealed_to_viewer: true
        is_face_up: false
        card_icons: 
        arena_frame: "<SpriteAddress>"
        owning_player: User
        revealed_card: 
            card_frame: "<SpriteAddress>"
            title_background: "<SpriteAddress>"
            jewel: "<SpriteAddress>"
            image: "<SpriteAddress>"
            title: "Test Overlord Identity"
            rules_text: "<RulesText>"
            targeting: 
                can_play: false
            on_release_position: 
                sorting_key: 1
                position: ObjectPositionStaging
        card_id: O4
        revealed_to_viewer: true
        is_face_up: false
        card_icons: 
            top_left_icon: "1"
        arena_frame: "<SpriteAddress>"
        owning_player: User
        revealed_card: 
            card_frame: "<SpriteAddress>"
            title_background: "<SpriteAddress>"
            jewel: "<SpriteAddress>"
            image: "<SpriteAddress>"
            title: "Test Overlord Spell"
            rules_text: "<RulesText>"
            targeting: 
                can_play: true
            on_release_position: 
                sorting_key: 7
                position: ObjectPositionStaging
        card_id: O8
        revealed_to_viewer: true
        is_face_up: false
        card_icons: 
            top_left_icon: "1"
        arena_frame: "<SpriteAddress>"
        owning_player: User
        revealed_card: 
            card_frame: "<SpriteAddress>"
            title_background: "<SpriteAddress>"
            jewel: "<SpriteAddress>"
            image: "<SpriteAddress>"
            title: "Test Overlord Spell"
            rules_text: "<RulesText>"
            targeting: 
                can_play: true
            on_release_position: 
                sorting_key: 10
                position: ObjectPositionStaging
        card_id: O9
        revealed_to_viewer: true
        is_face_up: false
        card_icons: 
            top_left_icon: "1"
        arena_frame: "<SpriteAddress>"
        owning_player: User
        revealed_card: 
            card_frame: "<SpriteAddress>"
            title_background: "<SpriteAddress>"
            jewel: "<SpriteAddress>"
            image: "<SpriteAddress>"
            title: "Test Overlord Spell"
            rules_text: "<RulesText>"
            targeting: 
                can_play: true
            on_release_position: 
                sorting_key: 11
                position: ObjectPositionStaging
        card_id: O18
        revealed_to_viewer: true
        is_face_up: false
        card_icons: 
            top_left_icon: "1"
        arena_frame: "<SpriteAddress>"
        owning_player: User
        revealed_card: 
            card_frame: "<SpriteAddress>"
            title_background: "<SpriteAddress>"
            jewel: "<SpriteAddress>"
            image: "<SpriteAddress>"
            title: "Test Overlord Spell"
            rules_text: "<RulesText>"
            targeting: 
                can_play: true
            on_release_position: 
                sorting_key: 23
                position: ObjectPositionStaging
        card_id: O25
        revealed_to_viewer: true
        is_face_up: false
        card_icons: 
            top_left_icon: "1"
        arena_frame: "<SpriteAddress>"
        owning_player: User
        revealed_card: 
            card_frame: "<SpriteAddress>"
            title_background: "<SpriteAddress>"
            jewel: "<SpriteAddress>"
            image: "<SpriteAddress>"
            title: "Test Overlord Spell"
            rules_text: "<RulesText>"
            targeting: 
                can_play: true
            on_release_position: 
                sorting_key: 8
                position: ObjectPositionStaging
        card_id: O36
        revealed_to_viewer: true
        is_face_up: false
        card_icons: 
            top_left_icon: "1"
        arena_frame: "<SpriteAddress>"
        owning_player: User
        revealed_card: 
            card_frame: "<SpriteAddress>"
            title_background: "<SpriteAddress>"
            jewel: "<SpriteAddress>"
            image: "<SpriteAddress>"
            title: "Test Overlord Spell"
            rules_text: "<RulesText>"
            targeting: 
                can_play: true
            on_release_position: 
                sorting_key: 9
                position: ObjectPositionStaging
        card_id: C0
        revealed_to_viewer: true
        is_face_up: false
        card_icons: 
        arena_frame: "<SpriteAddress>"
        owning_player: Opponent
        revealed_card: 
            card_frame: "<SpriteAddress>"
            title_background: "<SpriteAddress>"
            jewel: "<SpriteAddress>"
            image: "<SpriteAddress>"
            title: "Test Champion Identity"
            rules_text: "<RulesText>"
            targeting: 
                can_play: false
            on_release_position: 
                sorting_key: 1
                position: ObjectPositionStaging
        card_id: C10
        revealed_to_viewer: false
        is_face_up: false
        card_icons: 
        arena_frame: "<SpriteAddress>"
        owning_player: Opponent
        card_id: C17
        revealed_to_viewer: false
        is_face_up: false
        card_icons: 
        arena_frame: "<SpriteAddress>"
        owning_player: Opponent
        card_id: C23
        revealed_to_viewer: false
        is_face_up: false
        card_icons: 
        arena_frame: "<SpriteAddress>"
        owning_player: Opponent
        card_id: C29
        revealed_to_viewer: false
        is_face_up: false
        card_icons: 
        arena_frame: "<SpriteAddress>"
        owning_player: Opponent
        card_id: C43
        revealed_to_viewer: false
        is_face_up: false
        card_icons: 
        arena_frame: "<SpriteAddress>"
        owning_player: Opponent
