---
source: crates/spelldawn/tests/it/core/create_game_tests.rs
assertion_line: 132
expression: "Summary::summarize(&response)"
---

command_list: 
    RunInParallel: 
        MoveGameObjects: 
            id: O4
            position: 
                sorting_key: 21
                position: ObjectPositionDeck { owner: User }
        MoveGameObjects: 
            id: O8
            position: 
                sorting_key: 22
                position: ObjectPositionDeck { owner: User }
        MoveGameObjects: 
            id: O9
            position: 
                sorting_key: 23
                position: ObjectPositionDeck { owner: User }
        MoveGameObjects: 
            id: O25
            position: 
                sorting_key: 24
                position: ObjectPositionDeck { owner: User }
        MoveGameObjects: 
            id: O36
            position: 
                sorting_key: 25
                position: ObjectPositionDeck { owner: User }
    DestroyCard: 
        card_id: O4
    DestroyCard: 
        card_id: O8
    DestroyCard: 
        card_id: O9
    DestroyCard: 
        card_id: O25
    DestroyCard: 
        card_id: O36
    CreateOrUpdateCard: 
        card: 
            card_id: O26
            revealed_to_viewer: true
            is_face_up: false
            card_icons: 
                top_left_icon: "1"
                top_right_icon: 
                bottom_left_icon: 
                arena_icon: 
            arena_frame: "<SpriteAddress>"
            owning_player: User
            revealed_card: 
                card_frame: "<SpriteAddress>"
                title_background: "<SpriteAddress>"
                jewel: "<SpriteAddress>"
                image: "<SpriteAddress>"
                title: "Test Overlord Spell"
                rules_text: "<RulesText>"
                targeting: 
                    can_play: false
                on_release_position: 
                    sorting_key: 4294967295
                    position: ObjectPositionStaging
        create_position: 
            sorting_key: 31
            position: ObjectPositionDeck { owner: User }
        create_animation: Unspecified
    MoveGameObjects: 
        id: O26
        position: 
            sorting_key: 31
            position: ObjectPositionBrowser
    CreateOrUpdateCard: 
        card: 
            card_id: O24
            revealed_to_viewer: true
            is_face_up: false
            card_icons: 
                top_left_icon: "1"
                top_right_icon: 
                bottom_left_icon: 
                arena_icon: 
            arena_frame: "<SpriteAddress>"
            owning_player: User
            revealed_card: 
                card_frame: "<SpriteAddress>"
                title_background: "<SpriteAddress>"
                jewel: "<SpriteAddress>"
                image: "<SpriteAddress>"
                title: "Test Overlord Spell"
                rules_text: "<RulesText>"
                targeting: 
                    can_play: false
                on_release_position: 
                    sorting_key: 4294967295
                    position: ObjectPositionStaging
        create_position: 
            sorting_key: 32
            position: ObjectPositionDeck { owner: User }
        create_animation: Unspecified
    MoveGameObjects: 
        id: O24
        position: 
            sorting_key: 32
            position: ObjectPositionBrowser
    CreateOrUpdateCard: 
        card: 
            card_id: O18
            revealed_to_viewer: true
            is_face_up: false
            card_icons: 
                top_left_icon: "1"
                top_right_icon: 
                bottom_left_icon: 
                arena_icon: 
            arena_frame: "<SpriteAddress>"
            owning_player: User
            revealed_card: 
                card_frame: "<SpriteAddress>"
                title_background: "<SpriteAddress>"
                jewel: "<SpriteAddress>"
                image: "<SpriteAddress>"
                title: "Test Overlord Spell"
                rules_text: "<RulesText>"
                targeting: 
                    can_play: false
                on_release_position: 
                    sorting_key: 4294967295
                    position: ObjectPositionStaging
        create_position: 
            sorting_key: 33
            position: ObjectPositionDeck { owner: User }
        create_animation: Unspecified
    MoveGameObjects: 
        id: O18
        position: 
            sorting_key: 33
            position: ObjectPositionBrowser
    CreateOrUpdateCard: 
        card: 
            card_id: O15
            revealed_to_viewer: true
            is_face_up: false
            card_icons: 
                top_left_icon: "1"
                top_right_icon: 
                bottom_left_icon: 
                arena_icon: 
            arena_frame: "<SpriteAddress>"
            owning_player: User
            revealed_card: 
                card_frame: "<SpriteAddress>"
                title_background: "<SpriteAddress>"
                jewel: "<SpriteAddress>"
                image: "<SpriteAddress>"
                title: "Test Overlord Spell"
                rules_text: "<RulesText>"
                targeting: 
                    can_play: false
                on_release_position: 
                    sorting_key: 4294967295
                    position: ObjectPositionStaging
        create_position: 
            sorting_key: 34
            position: ObjectPositionDeck { owner: User }
        create_animation: Unspecified
    MoveGameObjects: 
        id: O15
        position: 
            sorting_key: 34
            position: ObjectPositionBrowser
    CreateOrUpdateCard: 
        card: 
            card_id: O19
            revealed_to_viewer: true
            is_face_up: false
            card_icons: 
                top_left_icon: "1"
                top_right_icon: 
                bottom_left_icon: 
                arena_icon: 
            arena_frame: "<SpriteAddress>"
            owning_player: User
            revealed_card: 
                card_frame: "<SpriteAddress>"
                title_background: "<SpriteAddress>"
                jewel: "<SpriteAddress>"
                image: "<SpriteAddress>"
                title: "Test Overlord Spell"
                rules_text: "<RulesText>"
                targeting: 
                    can_play: false
                on_release_position: 
                    sorting_key: 4294967295
                    position: ObjectPositionStaging
        create_position: 
            sorting_key: 35
            position: ObjectPositionDeck { owner: User }
        create_animation: Unspecified
    MoveGameObjects: 
        id: O19
        position: 
            sorting_key: 35
            position: ObjectPositionBrowser
    Delay: 1500
    RunInParallel: 
        MoveGameObjects: 
            id: O15
            position: 
                sorting_key: 34
                position: ObjectPositionHand { owner: User }
        MoveGameObjects: 
            id: O18
            position: 
                sorting_key: 33
                position: ObjectPositionHand { owner: User }
        MoveGameObjects: 
            id: O19
            position: 
                sorting_key: 35
                position: ObjectPositionHand { owner: User }
        MoveGameObjects: 
            id: O24
            position: 
                sorting_key: 32
                position: ObjectPositionHand { owner: User }
        MoveGameObjects: 
            id: O26
            position: 
                sorting_key: 31
                position: ObjectPositionHand { owner: User }
    UpdateGameView: 
        user: 
            side: Overlord
            can_take_action: false
        raid_active: false
    RenderInterface: 
    panels: 
        main_controls: 
            node: 
                text: "Waiting for Opponent..."
        card_anchor_nodes: 
channel_response: 
    RunInParallel: 
        MoveGameObjects: 
            id: O4
            position: 
                sorting_key: 21
                position: ObjectPositionDeck { owner: Opponent }
        MoveGameObjects: 
            id: O8
            position: 
                sorting_key: 22
                position: ObjectPositionDeck { owner: Opponent }
        MoveGameObjects: 
            id: O9
            position: 
                sorting_key: 23
                position: ObjectPositionDeck { owner: Opponent }
        MoveGameObjects: 
            id: O25
            position: 
                sorting_key: 24
                position: ObjectPositionDeck { owner: Opponent }
        MoveGameObjects: 
            id: O36
            position: 
                sorting_key: 25
                position: ObjectPositionDeck { owner: Opponent }
    DestroyCard: 
        card_id: O4
    DestroyCard: 
        card_id: O8
    DestroyCard: 
        card_id: O9
    DestroyCard: 
        card_id: O25
    DestroyCard: 
        card_id: O36
    CreateOrUpdateCard: 
        card: 
            card_id: O26
            revealed_to_viewer: false
            is_face_up: false
            card_icons: 
                top_left_icon: 
                top_right_icon: 
                bottom_left_icon: 
                bottom_right_icon: 
                arena_icon: 
            arena_frame: "<SpriteAddress>"
            owning_player: Opponent
        create_position: 
            sorting_key: 31
            position: ObjectPositionDeck { owner: Opponent }
        create_animation: Unspecified
    CreateOrUpdateCard: 
        card: 
            card_id: O24
            revealed_to_viewer: false
            is_face_up: false
            card_icons: 
                top_left_icon: 
                top_right_icon: 
                bottom_left_icon: 
                bottom_right_icon: 
                arena_icon: 
            arena_frame: "<SpriteAddress>"
            owning_player: Opponent
        create_position: 
            sorting_key: 32
            position: ObjectPositionDeck { owner: Opponent }
        create_animation: Unspecified
    CreateOrUpdateCard: 
        card: 
            card_id: O18
            revealed_to_viewer: false
            is_face_up: false
            card_icons: 
                top_left_icon: 
                top_right_icon: 
                bottom_left_icon: 
                bottom_right_icon: 
                arena_icon: 
            arena_frame: "<SpriteAddress>"
            owning_player: Opponent
        create_position: 
            sorting_key: 33
            position: ObjectPositionDeck { owner: Opponent }
        create_animation: Unspecified
    CreateOrUpdateCard: 
        card: 
            card_id: O15
            revealed_to_viewer: false
            is_face_up: false
            card_icons: 
                top_left_icon: 
                top_right_icon: 
                bottom_left_icon: 
                bottom_right_icon: 
                arena_icon: 
            arena_frame: "<SpriteAddress>"
            owning_player: Opponent
        create_position: 
            sorting_key: 34
            position: ObjectPositionDeck { owner: Opponent }
        create_animation: Unspecified
    CreateOrUpdateCard: 
        card: 
            card_id: O19
            revealed_to_viewer: false
            is_face_up: false
            card_icons: 
                top_left_icon: 
                top_right_icon: 
                bottom_left_icon: 
                bottom_right_icon: 
                arena_icon: 
            arena_frame: "<SpriteAddress>"
            owning_player: Opponent
        create_position: 
            sorting_key: 35
            position: ObjectPositionDeck { owner: Opponent }
        create_animation: Unspecified
    RunInParallel: 
        MoveGameObjects: 
            id: O15
            position: 
                sorting_key: 34
                position: ObjectPositionHand { owner: Opponent }
        MoveGameObjects: 
            id: O18
            position: 
                sorting_key: 33
                position: ObjectPositionHand { owner: Opponent }
        MoveGameObjects: 
            id: O19
            position: 
                sorting_key: 35
                position: ObjectPositionHand { owner: Opponent }
        MoveGameObjects: 
            id: O24
            position: 
                sorting_key: 32
                position: ObjectPositionHand { owner: Opponent }
        MoveGameObjects: 
            id: O26
            position: 
                sorting_key: 31
                position: ObjectPositionHand { owner: Opponent }
    UpdateGameView: 
        opponent: 
            side: Overlord
            can_take_action: false
        raid_active: false
