---
source: crates/spelldawn/tests/it/core/create_game_tests.rs
assertion_line: 133
expression: "Summary::summarize(&response)"
---

command_list: 
    UpdateGameView: 
        user: 
            side: Overlord
            player_info: 
                name: "Test Overlord Identity"
                portrait: "<SpriteAddress>"
                portrait_frame: "<SpriteAddress>"
                card_back: "<SpriteAddress>"
            valid_rooms_to_visit: 
            mana: 0
            action_tracker: 0
            score: 0
            can_take_action: false
        opponent: 
            side: Champion
            player_info: 
                name: "Test Champion Identity"
                portrait: "<SpriteAddress>"
                portrait_frame: "<SpriteAddress>"
                card_back: "<SpriteAddress>"
            valid_rooms_to_visit: 
            mana: 0
            action_tracker: 0
            score: 0
            can_take_action: true
        raid_active: false
        controls: 
            node: 
                text: "Waiting for Opponent..."
        card_anchor_nodes: 
        game_object_positions: 
            user_deck: 
                sorting_key: 1
                position: ObjectPositionDeckContainer { owner: User }
            opponent_deck: 
                sorting_key: 1
                position: ObjectPositionDeckContainer { owner: Opponent }
            user_identity: 
                sorting_key: 1
                position: ObjectPositionIdentityContainer { owner: User }
            opponent_identity: 
                sorting_key: 1
                position: ObjectPositionIdentityContainer { owner: Opponent }
            user_discard: 
                sorting_key: 1
                position: ObjectPositionDiscardPileContainer { owner: User }
            opponent_discard: 
                sorting_key: 1
                position: ObjectPositionDiscardPileContainer { owner: Opponent }
    cards: 
        card_id: O0
        revealed_to_viewer: true
        is_face_up: false
        card_icons: 
        arena_frame: "<SpriteAddress>"
        owning_player: User
        revealed_card: 
            card_frame: "<SpriteAddress>"
            title_background: "<SpriteAddress>"
            jewel: "<SpriteAddress>"
            image: "<SpriteAddress>"
            title: "Test Overlord Identity"
            rules_text: "<RulesText>"
            targeting: 
                can_play: false
            on_release_position: 
                sorting_key: 1
                position: ObjectPositionStaging
        card_id: C0
        revealed_to_viewer: true
        is_face_up: false
        card_icons: 
        arena_frame: "<SpriteAddress>"
        owning_player: Opponent
        revealed_card: 
            card_frame: "<SpriteAddress>"
            title_background: "<SpriteAddress>"
            jewel: "<SpriteAddress>"
            image: "<SpriteAddress>"
            title: "Test Champion Identity"
            rules_text: "<RulesText>"
            targeting: 
                can_play: false
            on_release_position: 
                sorting_key: 1
                position: ObjectPositionStaging
        card_id: C10
        revealed_to_viewer: false
        is_face_up: false
        card_icons: 
        arena_frame: "<SpriteAddress>"
        owning_player: Opponent
        card_id: C17
        revealed_to_viewer: false
        is_face_up: false
        card_icons: 
        arena_frame: "<SpriteAddress>"
        owning_player: Opponent
        card_id: C23
        revealed_to_viewer: false
        is_face_up: false
        card_icons: 
        arena_frame: "<SpriteAddress>"
        owning_player: Opponent
        card_id: C29
        revealed_to_viewer: false
        is_face_up: false
        card_icons: 
        arena_frame: "<SpriteAddress>"
        owning_player: Opponent
        card_id: C43
        revealed_to_viewer: false
        is_face_up: false
        card_icons: 
        arena_frame: "<SpriteAddress>"
        owning_player: Opponent
    UpdateGameView: 
        user: 
            side: Overlord
            player_info: 
                name: "Test Overlord Identity"
                portrait: "<SpriteAddress>"
                portrait_frame: "<SpriteAddress>"
                card_back: "<SpriteAddress>"
            valid_rooms_to_visit: 
            mana: 0
            action_tracker: 0
            score: 0
            can_take_action: false
        opponent: 
            side: Champion
            player_info: 
                name: "Test Champion Identity"
                portrait: "<SpriteAddress>"
                portrait_frame: "<SpriteAddress>"
                card_back: "<SpriteAddress>"
            valid_rooms_to_visit: 
            mana: 0
            action_tracker: 0
            score: 0
            can_take_action: true
        raid_active: false
        controls: 
            node: 
                text: "Waiting for Opponent..."
        card_anchor_nodes: 
        game_object_positions: 
            user_deck: 
                sorting_key: 1
                position: ObjectPositionDeckContainer { owner: User }
            opponent_deck: 
                sorting_key: 1
                position: ObjectPositionDeckContainer { owner: Opponent }
            user_identity: 
                sorting_key: 1
                position: ObjectPositionIdentityContainer { owner: User }
            opponent_identity: 
                sorting_key: 1
                position: ObjectPositionIdentityContainer { owner: Opponent }
            user_discard: 
                sorting_key: 1
                position: ObjectPositionDiscardPileContainer { owner: User }
            opponent_discard: 
                sorting_key: 1
                position: ObjectPositionDiscardPileContainer { owner: Opponent }
    cards: 
        card_id: O0
        revealed_to_viewer: true
        is_face_up: false
        card_icons: 
        arena_frame: "<SpriteAddress>"
        owning_player: User
        revealed_card: 
            card_frame: "<SpriteAddress>"
            title_background: "<SpriteAddress>"
            jewel: "<SpriteAddress>"
            image: "<SpriteAddress>"
            title: "Test Overlord Identity"
            rules_text: "<RulesText>"
            targeting: 
                can_play: false
            on_release_position: 
                sorting_key: 1
                position: ObjectPositionStaging
        card_id: O15
        revealed_to_viewer: true
        is_face_up: false
        card_icons: 
            top_left_icon: "1"
        arena_frame: "<SpriteAddress>"
        owning_player: User
        revealed_card: 
            card_frame: "<SpriteAddress>"
            title_background: "<SpriteAddress>"
            jewel: "<SpriteAddress>"
            image: "<SpriteAddress>"
            title: "Test Overlord Spell"
            rules_text: "<RulesText>"
            targeting: 
                can_play: false
            on_release_position: 
                sorting_key: 30
                position: ObjectPositionStaging
        card_id: O18
        revealed_to_viewer: true
        is_face_up: false
        card_icons: 
            top_left_icon: "1"
        arena_frame: "<SpriteAddress>"
        owning_player: User
        revealed_card: 
            card_frame: "<SpriteAddress>"
            title_background: "<SpriteAddress>"
            jewel: "<SpriteAddress>"
            image: "<SpriteAddress>"
            title: "Test Overlord Spell"
            rules_text: "<RulesText>"
            targeting: 
                can_play: false
            on_release_position: 
                sorting_key: 29
                position: ObjectPositionStaging
        card_id: O19
        revealed_to_viewer: true
        is_face_up: false
        card_icons: 
            top_left_icon: "1"
        arena_frame: "<SpriteAddress>"
        owning_player: User
        revealed_card: 
            card_frame: "<SpriteAddress>"
            title_background: "<SpriteAddress>"
            jewel: "<SpriteAddress>"
            image: "<SpriteAddress>"
            title: "Test Overlord Spell"
            rules_text: "<RulesText>"
            targeting: 
                can_play: false
            on_release_position: 
                sorting_key: 31
                position: ObjectPositionStaging
        card_id: O24
        revealed_to_viewer: true
        is_face_up: false
        card_icons: 
            top_left_icon: "1"
        arena_frame: "<SpriteAddress>"
        owning_player: User
        revealed_card: 
            card_frame: "<SpriteAddress>"
            title_background: "<SpriteAddress>"
            jewel: "<SpriteAddress>"
            image: "<SpriteAddress>"
            title: "Test Overlord Spell"
            rules_text: "<RulesText>"
            targeting: 
                can_play: false
            on_release_position: 
                sorting_key: 28
                position: ObjectPositionStaging
        card_id: O26
        revealed_to_viewer: true
        is_face_up: false
        card_icons: 
            top_left_icon: "1"
        arena_frame: "<SpriteAddress>"
        owning_player: User
        revealed_card: 
            card_frame: "<SpriteAddress>"
            title_background: "<SpriteAddress>"
            jewel: "<SpriteAddress>"
            image: "<SpriteAddress>"
            title: "Test Overlord Spell"
            rules_text: "<RulesText>"
            targeting: 
                can_play: false
            on_release_position: 
                sorting_key: 27
                position: ObjectPositionStaging
        card_id: C0
        revealed_to_viewer: true
        is_face_up: false
        card_icons: 
        arena_frame: "<SpriteAddress>"
        owning_player: Opponent
        revealed_card: 
            card_frame: "<SpriteAddress>"
            title_background: "<SpriteAddress>"
            jewel: "<SpriteAddress>"
            image: "<SpriteAddress>"
            title: "Test Champion Identity"
            rules_text: "<RulesText>"
            targeting: 
                can_play: false
            on_release_position: 
                sorting_key: 1
                position: ObjectPositionStaging
        card_id: C10
        revealed_to_viewer: false
        is_face_up: false
        card_icons: 
        arena_frame: "<SpriteAddress>"
        owning_player: Opponent
        card_id: C17
        revealed_to_viewer: false
        is_face_up: false
        card_icons: 
        arena_frame: "<SpriteAddress>"
        owning_player: Opponent
        card_id: C23
        revealed_to_viewer: false
        is_face_up: false
        card_icons: 
        arena_frame: "<SpriteAddress>"
        owning_player: Opponent
        card_id: C29
        revealed_to_viewer: false
        is_face_up: false
        card_icons: 
        arena_frame: "<SpriteAddress>"
        owning_player: Opponent
        card_id: C43
        revealed_to_viewer: false
        is_face_up: false
        card_icons: 
        arena_frame: "<SpriteAddress>"
        owning_player: Opponent
    MoveMultipleGameObjects: 
        id: O26
        position: 
            sorting_key: 1
            position: ObjectPositionRevealedCards { size: Large }
        id: O24
        position: 
            sorting_key: 2
            position: ObjectPositionRevealedCards { size: Large }
        id: O18
        position: 
            sorting_key: 3
            position: ObjectPositionRevealedCards { size: Large }
        id: O15
        position: 
            sorting_key: 4
            position: ObjectPositionRevealedCards { size: Large }
        id: O19
        position: 
            sorting_key: 5
            position: ObjectPositionRevealedCards { size: Large }
    UpdateGameView: 
        user: 
            side: Overlord
            player_info: 
                name: "Test Overlord Identity"
                portrait: "<SpriteAddress>"
                portrait_frame: "<SpriteAddress>"
                card_back: "<SpriteAddress>"
            valid_rooms_to_visit: 
            mana: 0
            action_tracker: 0
            score: 0
            can_take_action: false
        opponent: 
            side: Champion
            player_info: 
                name: "Test Champion Identity"
                portrait: "<SpriteAddress>"
                portrait_frame: "<SpriteAddress>"
                card_back: "<SpriteAddress>"
            valid_rooms_to_visit: 
            mana: 0
            action_tracker: 0
            score: 0
            can_take_action: true
        raid_active: false
        controls: 
            node: 
                text: "Waiting for Opponent..."
        card_anchor_nodes: 
        game_object_positions: 
            user_deck: 
                sorting_key: 1
                position: ObjectPositionDeckContainer { owner: User }
            opponent_deck: 
                sorting_key: 1
                position: ObjectPositionDeckContainer { owner: Opponent }
            user_identity: 
                sorting_key: 1
                position: ObjectPositionIdentityContainer { owner: User }
            opponent_identity: 
                sorting_key: 1
                position: ObjectPositionIdentityContainer { owner: Opponent }
            user_discard: 
                sorting_key: 1
                position: ObjectPositionDiscardPileContainer { owner: User }
            opponent_discard: 
                sorting_key: 1
                position: ObjectPositionDiscardPileContainer { owner: Opponent }
    cards: 
        card_id: O0
        revealed_to_viewer: true
        is_face_up: false
        card_icons: 
        arena_frame: "<SpriteAddress>"
        owning_player: User
        revealed_card: 
            card_frame: "<SpriteAddress>"
            title_background: "<SpriteAddress>"
            jewel: "<SpriteAddress>"
            image: "<SpriteAddress>"
            title: "Test Overlord Identity"
            rules_text: "<RulesText>"
            targeting: 
                can_play: false
            on_release_position: 
                sorting_key: 1
                position: ObjectPositionStaging
        card_id: O15
        revealed_to_viewer: true
        is_face_up: false
        card_icons: 
            top_left_icon: "1"
        arena_frame: "<SpriteAddress>"
        owning_player: User
        revealed_card: 
            card_frame: "<SpriteAddress>"
            title_background: "<SpriteAddress>"
            jewel: "<SpriteAddress>"
            image: "<SpriteAddress>"
            title: "Test Overlord Spell"
            rules_text: "<RulesText>"
            targeting: 
                can_play: false
            on_release_position: 
                sorting_key: 35
                position: ObjectPositionStaging
        card_id: O18
        revealed_to_viewer: true
        is_face_up: false
        card_icons: 
            top_left_icon: "1"
        arena_frame: "<SpriteAddress>"
        owning_player: User
        revealed_card: 
            card_frame: "<SpriteAddress>"
            title_background: "<SpriteAddress>"
            jewel: "<SpriteAddress>"
            image: "<SpriteAddress>"
            title: "Test Overlord Spell"
            rules_text: "<RulesText>"
            targeting: 
                can_play: false
            on_release_position: 
                sorting_key: 34
                position: ObjectPositionStaging
        card_id: O19
        revealed_to_viewer: true
        is_face_up: false
        card_icons: 
            top_left_icon: "1"
        arena_frame: "<SpriteAddress>"
        owning_player: User
        revealed_card: 
            card_frame: "<SpriteAddress>"
            title_background: "<SpriteAddress>"
            jewel: "<SpriteAddress>"
            image: "<SpriteAddress>"
            title: "Test Overlord Spell"
            rules_text: "<RulesText>"
            targeting: 
                can_play: false
            on_release_position: 
                sorting_key: 36
                position: ObjectPositionStaging
        card_id: O24
        revealed_to_viewer: true
        is_face_up: false
        card_icons: 
            top_left_icon: "1"
        arena_frame: "<SpriteAddress>"
        owning_player: User
        revealed_card: 
            card_frame: "<SpriteAddress>"
            title_background: "<SpriteAddress>"
            jewel: "<SpriteAddress>"
            image: "<SpriteAddress>"
            title: "Test Overlord Spell"
            rules_text: "<RulesText>"
            targeting: 
                can_play: false
            on_release_position: 
                sorting_key: 33
                position: ObjectPositionStaging
        card_id: O26
        revealed_to_viewer: true
        is_face_up: false
        card_icons: 
            top_left_icon: "1"
        arena_frame: "<SpriteAddress>"
        owning_player: User
        revealed_card: 
            card_frame: "<SpriteAddress>"
            title_background: "<SpriteAddress>"
            jewel: "<SpriteAddress>"
            image: "<SpriteAddress>"
            title: "Test Overlord Spell"
            rules_text: "<RulesText>"
            targeting: 
                can_play: false
            on_release_position: 
                sorting_key: 32
                position: ObjectPositionStaging
        card_id: C0
        revealed_to_viewer: true
        is_face_up: false
        card_icons: 
        arena_frame: "<SpriteAddress>"
        owning_player: Opponent
        revealed_card: 
            card_frame: "<SpriteAddress>"
            title_background: "<SpriteAddress>"
            jewel: "<SpriteAddress>"
            image: "<SpriteAddress>"
            title: "Test Champion Identity"
            rules_text: "<RulesText>"
            targeting: 
                can_play: false
            on_release_position: 
                sorting_key: 1
                position: ObjectPositionStaging
        card_id: C10
        revealed_to_viewer: false
        is_face_up: false
        card_icons: 
        arena_frame: "<SpriteAddress>"
        owning_player: Opponent
        card_id: C17
        revealed_to_viewer: false
        is_face_up: false
        card_icons: 
        arena_frame: "<SpriteAddress>"
        owning_player: Opponent
        card_id: C23
        revealed_to_viewer: false
        is_face_up: false
        card_icons: 
        arena_frame: "<SpriteAddress>"
        owning_player: Opponent
        card_id: C29
        revealed_to_viewer: false
        is_face_up: false
        card_icons: 
        arena_frame: "<SpriteAddress>"
        owning_player: Opponent
        card_id: C43
        revealed_to_viewer: false
        is_face_up: false
        card_icons: 
        arena_frame: "<SpriteAddress>"
        owning_player: Opponent
channel_response: 
    UpdateGameView: 
        user: 
            side: Champion
            player_info: 
                name: "Test Champion Identity"
                portrait: "<SpriteAddress>"
                portrait_frame: "<SpriteAddress>"
                card_back: "<SpriteAddress>"
            valid_rooms_to_visit: 
            mana: 0
            action_tracker: 0
            score: 0
            can_take_action: true
        opponent: 
            side: Overlord
            player_info: 
                name: "Test Overlord Identity"
                portrait: "<SpriteAddress>"
                portrait_frame: "<SpriteAddress>"
                card_back: "<SpriteAddress>"
            valid_rooms_to_visit: 
            mana: 0
            action_tracker: 0
            score: 0
            can_take_action: false
        raid_active: false
        controls: 
            node: 
                text: "Keep"
                text: "Mulligan"
        card_anchor_nodes: 
        game_object_positions: 
            user_deck: 
                sorting_key: 1
                position: ObjectPositionDeckContainer { owner: User }
            opponent_deck: 
                sorting_key: 1
                position: ObjectPositionDeckContainer { owner: Opponent }
            user_identity: 
                sorting_key: 1
                position: ObjectPositionIdentityContainer { owner: User }
            opponent_identity: 
                sorting_key: 1
                position: ObjectPositionIdentityContainer { owner: Opponent }
            user_discard: 
                sorting_key: 1
                position: ObjectPositionDiscardPileContainer { owner: User }
            opponent_discard: 
                sorting_key: 1
                position: ObjectPositionDiscardPileContainer { owner: Opponent }
    cards: 
        card_id: O0
        revealed_to_viewer: true
        is_face_up: false
        card_icons: 
        arena_frame: "<SpriteAddress>"
        owning_player: Opponent
        revealed_card: 
            card_frame: "<SpriteAddress>"
            title_background: "<SpriteAddress>"
            jewel: "<SpriteAddress>"
            image: "<SpriteAddress>"
            title: "Test Overlord Identity"
            rules_text: "<RulesText>"
            targeting: 
                can_play: false
            on_release_position: 
                sorting_key: 1
                position: ObjectPositionStaging
        card_id: C0
        revealed_to_viewer: true
        is_face_up: false
        card_icons: 
        arena_frame: "<SpriteAddress>"
        owning_player: User
        revealed_card: 
            card_frame: "<SpriteAddress>"
            title_background: "<SpriteAddress>"
            jewel: "<SpriteAddress>"
            image: "<SpriteAddress>"
            title: "Test Champion Identity"
            rules_text: "<RulesText>"
            targeting: 
                can_play: false
            on_release_position: 
                sorting_key: 1
                position: ObjectPositionStaging
        card_id: C10
        revealed_to_viewer: true
        is_face_up: false
        card_icons: 
            top_left_icon: "1"
        arena_frame: "<SpriteAddress>"
        owning_player: User
        revealed_card: 
            card_frame: "<SpriteAddress>"
            title_background: "<SpriteAddress>"
            jewel: "<SpriteAddress>"
            image: "<SpriteAddress>"
            title: "Test Champion Spell"
            rules_text: "<RulesText>"
            targeting: 
                can_play: false
            on_release_position: 
                sorting_key: 18
                position: ObjectPositionStaging
        card_id: C17
        revealed_to_viewer: true
        is_face_up: false
        card_icons: 
            top_left_icon: "1"
        arena_frame: "<SpriteAddress>"
        owning_player: User
        revealed_card: 
            card_frame: "<SpriteAddress>"
            title_background: "<SpriteAddress>"
            jewel: "<SpriteAddress>"
            image: "<SpriteAddress>"
            title: "Test Champion Spell"
            rules_text: "<RulesText>"
            targeting: 
                can_play: false
            on_release_position: 
                sorting_key: 20
                position: ObjectPositionStaging
        card_id: C23
        revealed_to_viewer: true
        is_face_up: false
        card_icons: 
            top_left_icon: "1"
        arena_frame: "<SpriteAddress>"
        owning_player: User
        revealed_card: 
            card_frame: "<SpriteAddress>"
            title_background: "<SpriteAddress>"
            jewel: "<SpriteAddress>"
            image: "<SpriteAddress>"
            title: "Test Champion Spell"
            rules_text: "<RulesText>"
            targeting: 
                can_play: false
            on_release_position: 
                sorting_key: 17
                position: ObjectPositionStaging
        card_id: C29
        revealed_to_viewer: true
        is_face_up: false
        card_icons: 
            top_left_icon: "1"
        arena_frame: "<SpriteAddress>"
        owning_player: User
        revealed_card: 
            card_frame: "<SpriteAddress>"
            title_background: "<SpriteAddress>"
            jewel: "<SpriteAddress>"
            image: "<SpriteAddress>"
            title: "Test Champion Spell"
            rules_text: "<RulesText>"
            targeting: 
                can_play: false
            on_release_position: 
                sorting_key: 21
                position: ObjectPositionStaging
        card_id: C43
        revealed_to_viewer: true
        is_face_up: false
        card_icons: 
            top_left_icon: "1"
        arena_frame: "<SpriteAddress>"
        owning_player: User
        revealed_card: 
            card_frame: "<SpriteAddress>"
            title_background: "<SpriteAddress>"
            jewel: "<SpriteAddress>"
            image: "<SpriteAddress>"
            title: "Test Champion Spell"
            rules_text: "<RulesText>"
            targeting: 
                can_play: false
            on_release_position: 
                sorting_key: 19
                position: ObjectPositionStaging
    UpdateGameView: 
        user: 
            side: Champion
            player_info: 
                name: "Test Champion Identity"
                portrait: "<SpriteAddress>"
                portrait_frame: "<SpriteAddress>"
                card_back: "<SpriteAddress>"
            valid_rooms_to_visit: 
            mana: 0
            action_tracker: 0
            score: 0
            can_take_action: true
        opponent: 
            side: Overlord
            player_info: 
                name: "Test Overlord Identity"
                portrait: "<SpriteAddress>"
                portrait_frame: "<SpriteAddress>"
                card_back: "<SpriteAddress>"
            valid_rooms_to_visit: 
            mana: 0
            action_tracker: 0
            score: 0
            can_take_action: false
        raid_active: false
        controls: 
            node: 
                text: "Keep"
                text: "Mulligan"
        card_anchor_nodes: 
        game_object_positions: 
            user_deck: 
                sorting_key: 1
                position: ObjectPositionDeckContainer { owner: User }
            opponent_deck: 
                sorting_key: 1
                position: ObjectPositionDeckContainer { owner: Opponent }
            user_identity: 
                sorting_key: 1
                position: ObjectPositionIdentityContainer { owner: User }
            opponent_identity: 
                sorting_key: 1
                position: ObjectPositionIdentityContainer { owner: Opponent }
            user_discard: 
                sorting_key: 1
                position: ObjectPositionDiscardPileContainer { owner: User }
            opponent_discard: 
                sorting_key: 1
                position: ObjectPositionDiscardPileContainer { owner: Opponent }
    cards: 
        card_id: O0
        revealed_to_viewer: true
        is_face_up: false
        card_icons: 
        arena_frame: "<SpriteAddress>"
        owning_player: Opponent
        revealed_card: 
            card_frame: "<SpriteAddress>"
            title_background: "<SpriteAddress>"
            jewel: "<SpriteAddress>"
            image: "<SpriteAddress>"
            title: "Test Overlord Identity"
            rules_text: "<RulesText>"
            targeting: 
                can_play: false
            on_release_position: 
                sorting_key: 1
                position: ObjectPositionStaging
        card_id: O15
        revealed_to_viewer: false
        is_face_up: false
        card_icons: 
        arena_frame: "<SpriteAddress>"
        owning_player: Opponent
        card_id: O18
        revealed_to_viewer: false
        is_face_up: false
        card_icons: 
        arena_frame: "<SpriteAddress>"
        owning_player: Opponent
        card_id: O19
        revealed_to_viewer: false
        is_face_up: false
        card_icons: 
        arena_frame: "<SpriteAddress>"
        owning_player: Opponent
        card_id: O24
        revealed_to_viewer: false
        is_face_up: false
        card_icons: 
        arena_frame: "<SpriteAddress>"
        owning_player: Opponent
        card_id: O26
        revealed_to_viewer: false
        is_face_up: false
        card_icons: 
        arena_frame: "<SpriteAddress>"
        owning_player: Opponent
        card_id: C0
        revealed_to_viewer: true
        is_face_up: false
        card_icons: 
        arena_frame: "<SpriteAddress>"
        owning_player: User
        revealed_card: 
            card_frame: "<SpriteAddress>"
            title_background: "<SpriteAddress>"
            jewel: "<SpriteAddress>"
            image: "<SpriteAddress>"
            title: "Test Champion Identity"
            rules_text: "<RulesText>"
            targeting: 
                can_play: false
            on_release_position: 
                sorting_key: 1
                position: ObjectPositionStaging
        card_id: C10
        revealed_to_viewer: true
        is_face_up: false
        card_icons: 
            top_left_icon: "1"
        arena_frame: "<SpriteAddress>"
        owning_player: User
        revealed_card: 
            card_frame: "<SpriteAddress>"
            title_background: "<SpriteAddress>"
            jewel: "<SpriteAddress>"
            image: "<SpriteAddress>"
            title: "Test Champion Spell"
            rules_text: "<RulesText>"
            targeting: 
                can_play: false
            on_release_position: 
                sorting_key: 18
                position: ObjectPositionStaging
        card_id: C17
        revealed_to_viewer: true
        is_face_up: false
        card_icons: 
            top_left_icon: "1"
        arena_frame: "<SpriteAddress>"
        owning_player: User
        revealed_card: 
            card_frame: "<SpriteAddress>"
            title_background: "<SpriteAddress>"
            jewel: "<SpriteAddress>"
            image: "<SpriteAddress>"
            title: "Test Champion Spell"
            rules_text: "<RulesText>"
            targeting: 
                can_play: false
            on_release_position: 
                sorting_key: 20
                position: ObjectPositionStaging
        card_id: C23
        revealed_to_viewer: true
        is_face_up: false
        card_icons: 
            top_left_icon: "1"
        arena_frame: "<SpriteAddress>"
        owning_player: User
        revealed_card: 
            card_frame: "<SpriteAddress>"
            title_background: "<SpriteAddress>"
            jewel: "<SpriteAddress>"
            image: "<SpriteAddress>"
            title: "Test Champion Spell"
            rules_text: "<RulesText>"
            targeting: 
                can_play: false
            on_release_position: 
                sorting_key: 17
                position: ObjectPositionStaging
        card_id: C29
        revealed_to_viewer: true
        is_face_up: false
        card_icons: 
            top_left_icon: "1"
        arena_frame: "<SpriteAddress>"
        owning_player: User
        revealed_card: 
            card_frame: "<SpriteAddress>"
            title_background: "<SpriteAddress>"
            jewel: "<SpriteAddress>"
            image: "<SpriteAddress>"
            title: "Test Champion Spell"
            rules_text: "<RulesText>"
            targeting: 
                can_play: false
            on_release_position: 
                sorting_key: 21
                position: ObjectPositionStaging
        card_id: C43
        revealed_to_viewer: true
        is_face_up: false
        card_icons: 
            top_left_icon: "1"
        arena_frame: "<SpriteAddress>"
        owning_player: User
        revealed_card: 
            card_frame: "<SpriteAddress>"
            title_background: "<SpriteAddress>"
            jewel: "<SpriteAddress>"
            image: "<SpriteAddress>"
            title: "Test Champion Spell"
            rules_text: "<RulesText>"
            targeting: 
                can_play: false
            on_release_position: 
                sorting_key: 19
                position: ObjectPositionStaging
    UpdateGameView: 
        user: 
            side: Champion
            player_info: 
                name: "Test Champion Identity"
                portrait: "<SpriteAddress>"
                portrait_frame: "<SpriteAddress>"
                card_back: "<SpriteAddress>"
            valid_rooms_to_visit: 
            mana: 0
            action_tracker: 0
            score: 0
            can_take_action: true
        opponent: 
            side: Overlord
            player_info: 
                name: "Test Overlord Identity"
                portrait: "<SpriteAddress>"
                portrait_frame: "<SpriteAddress>"
                card_back: "<SpriteAddress>"
            valid_rooms_to_visit: 
            mana: 0
            action_tracker: 0
            score: 0
            can_take_action: false
        raid_active: false
        controls: 
            node: 
                text: "Keep"
                text: "Mulligan"
        card_anchor_nodes: 
        game_object_positions: 
            user_deck: 
                sorting_key: 1
                position: ObjectPositionDeckContainer { owner: User }
            opponent_deck: 
                sorting_key: 1
                position: ObjectPositionDeckContainer { owner: Opponent }
            user_identity: 
                sorting_key: 1
                position: ObjectPositionIdentityContainer { owner: User }
            opponent_identity: 
                sorting_key: 1
                position: ObjectPositionIdentityContainer { owner: Opponent }
            user_discard: 
                sorting_key: 1
                position: ObjectPositionDiscardPileContainer { owner: User }
            opponent_discard: 
                sorting_key: 1
                position: ObjectPositionDiscardPileContainer { owner: Opponent }
    cards: 
        card_id: O0
        revealed_to_viewer: true
        is_face_up: false
        card_icons: 
        arena_frame: "<SpriteAddress>"
        owning_player: Opponent
        revealed_card: 
            card_frame: "<SpriteAddress>"
            title_background: "<SpriteAddress>"
            jewel: "<SpriteAddress>"
            image: "<SpriteAddress>"
            title: "Test Overlord Identity"
            rules_text: "<RulesText>"
            targeting: 
                can_play: false
            on_release_position: 
                sorting_key: 1
                position: ObjectPositionStaging
        card_id: O15
        revealed_to_viewer: false
        is_face_up: false
        card_icons: 
        arena_frame: "<SpriteAddress>"
        owning_player: Opponent
        card_id: O18
        revealed_to_viewer: false
        is_face_up: false
        card_icons: 
        arena_frame: "<SpriteAddress>"
        owning_player: Opponent
        card_id: O19
        revealed_to_viewer: false
        is_face_up: false
        card_icons: 
        arena_frame: "<SpriteAddress>"
        owning_player: Opponent
        card_id: O24
        revealed_to_viewer: false
        is_face_up: false
        card_icons: 
        arena_frame: "<SpriteAddress>"
        owning_player: Opponent
        card_id: O26
        revealed_to_viewer: false
        is_face_up: false
        card_icons: 
        arena_frame: "<SpriteAddress>"
        owning_player: Opponent
        card_id: C0
        revealed_to_viewer: true
        is_face_up: false
        card_icons: 
        arena_frame: "<SpriteAddress>"
        owning_player: User
        revealed_card: 
            card_frame: "<SpriteAddress>"
            title_background: "<SpriteAddress>"
            jewel: "<SpriteAddress>"
            image: "<SpriteAddress>"
            title: "Test Champion Identity"
            rules_text: "<RulesText>"
            targeting: 
                can_play: false
            on_release_position: 
                sorting_key: 1
                position: ObjectPositionStaging
        card_id: C10
        revealed_to_viewer: true
        is_face_up: false
        card_icons: 
            top_left_icon: "1"
        arena_frame: "<SpriteAddress>"
        owning_player: User
        revealed_card: 
            card_frame: "<SpriteAddress>"
            title_background: "<SpriteAddress>"
            jewel: "<SpriteAddress>"
            image: "<SpriteAddress>"
            title: "Test Champion Spell"
            rules_text: "<RulesText>"
            targeting: 
                can_play: false
            on_release_position: 
                sorting_key: 18
                position: ObjectPositionStaging
        card_id: C17
        revealed_to_viewer: true
        is_face_up: false
        card_icons: 
            top_left_icon: "1"
        arena_frame: "<SpriteAddress>"
        owning_player: User
        revealed_card: 
            card_frame: "<SpriteAddress>"
            title_background: "<SpriteAddress>"
            jewel: "<SpriteAddress>"
            image: "<SpriteAddress>"
            title: "Test Champion Spell"
            rules_text: "<RulesText>"
            targeting: 
                can_play: false
            on_release_position: 
                sorting_key: 20
                position: ObjectPositionStaging
        card_id: C23
        revealed_to_viewer: true
        is_face_up: false
        card_icons: 
            top_left_icon: "1"
        arena_frame: "<SpriteAddress>"
        owning_player: User
        revealed_card: 
            card_frame: "<SpriteAddress>"
            title_background: "<SpriteAddress>"
            jewel: "<SpriteAddress>"
            image: "<SpriteAddress>"
            title: "Test Champion Spell"
            rules_text: "<RulesText>"
            targeting: 
                can_play: false
            on_release_position: 
                sorting_key: 17
                position: ObjectPositionStaging
        card_id: C29
        revealed_to_viewer: true
        is_face_up: false
        card_icons: 
            top_left_icon: "1"
        arena_frame: "<SpriteAddress>"
        owning_player: User
        revealed_card: 
            card_frame: "<SpriteAddress>"
            title_background: "<SpriteAddress>"
            jewel: "<SpriteAddress>"
            image: "<SpriteAddress>"
            title: "Test Champion Spell"
            rules_text: "<RulesText>"
            targeting: 
                can_play: false
            on_release_position: 
                sorting_key: 21
                position: ObjectPositionStaging
        card_id: C43
        revealed_to_viewer: true
        is_face_up: false
        card_icons: 
            top_left_icon: "1"
        arena_frame: "<SpriteAddress>"
        owning_player: User
        revealed_card: 
            card_frame: "<SpriteAddress>"
            title_background: "<SpriteAddress>"
            jewel: "<SpriteAddress>"
            image: "<SpriteAddress>"
            title: "Test Champion Spell"
            rules_text: "<RulesText>"
            targeting: 
                can_play: false
            on_release_position: 
                sorting_key: 19
                position: ObjectPositionStaging
