---
source: crates/spelldawn/tests/it/rules/raid_tests.rs
assertion_line: 77
expression: "Summary::run(&response)"

---

command_list: 
    UpdateGameView: 
        user: 
            side: Champion
            action_tracker: 1
        current_priority: Opponent
        raid_active: true
    MoveGameObjects: 
        id: CardIdentifier { side: Overlord, index: 1 }
        position: 
            sorting_key: 0
            position: ObjectPositionRaid
    MoveGameObjects: 
        id: CardIdentifier { side: Overlord, index: 2 }
        position: 
            sorting_key: 1
            position: ObjectPositionRaid
    MoveGameObjects: 
        id: Identity(User)
        position: 
            sorting_key: 2
            position: ObjectPositionRaid
    RenderInterface: 
    panels: 
        main_controls: 
            node: 
                text: "Waiting for Opponent..."
        card_anchor_nodes: 
channel_response: 
    VisitRoom: 
        initiator: Opponent
        room_id: RoomA
        visit_type: InitiateRaid
    Delay: 500
    UpdateGameView: 
        opponent: 
            side: Champion
            action_tracker: 1
        current_priority: User
        raid_active: true
    MoveGameObjects: 
        id: CardIdentifier { side: Overlord, index: 1 }
        position: 
            sorting_key: 0
            position: ObjectPositionRaid
    MoveGameObjects: 
        id: CardIdentifier { side: Overlord, index: 2 }
        position: 
            sorting_key: 1
            position: ObjectPositionRaid
    MoveGameObjects: 
        id: Identity(Opponent)
        position: 
            sorting_key: 2
            position: ObjectPositionRaid
    RenderInterface: 
    panels: 
        main_controls: 
            node: 
                text: "Raid:"
                text: "Activate"
                text: "Pass"
        card_anchor_nodes: 
