---
source: crates/spelldawn/tests/it/rules/raid_tests.rs
assertion_line: 328
expression: "Summary::run(&response)"

---

command_list: 
    SetMusic: 
        music_state: Silent
    PlaySound: 
        sound: "<AudioClipAddress>"
    MoveGameObjects: 
        id: CardIdentifier { side: Overlord, index: 1 }
        position: 
            sorting_key: 0
            position: ObjectPositionScoreAnimation
    PlayEffect: 
        effect: "<EffectAddress>"
        position: CardIdentifier { side: Overlord, index: 1 }
        duration: 700
        sound: "<AudioClipAddress>"
    PlayEffect: 
        effect: "<EffectAddress>"
        position: CardIdentifier { side: Overlord, index: 1 }
        duration: 300
        sound: "<AudioClipAddress>"
    UpdateGameView: 
        user: 
            side: Champion
            score: 1
        current_priority: User
        raid_active: true
    MoveGameObjects: 
        id: CardIdentifier { side: Overlord, index: 1 }
        position: 
            sorting_key: 7
            position: ObjectPositionIdentity { owner: User }
    MoveGameObjects: 
        id: CardIdentifier { side: Overlord, index: 1 }
        position: 
            sorting_key: 7
            position: ObjectPositionIdentity { owner: User }
    MoveGameObjects: 
        id: Identity(User)
        position: 
            sorting_key: 0
            position: ObjectPositionRaid
    RenderInterface: 
    panels: 
        main_controls: 
            node: 
                text: "End Raid"
        card_anchor_nodes: 
channel_response: 
    SetMusic: 
        music_state: Silent
    PlaySound: 
        sound: "<AudioClipAddress>"
    MoveGameObjects: 
        id: CardIdentifier { side: Overlord, index: 1 }
        position: 
            sorting_key: 0
            position: ObjectPositionScoreAnimation
    PlayEffect: 
        effect: "<EffectAddress>"
        position: CardIdentifier { side: Overlord, index: 1 }
        duration: 700
        sound: "<AudioClipAddress>"
    PlayEffect: 
        effect: "<EffectAddress>"
        position: CardIdentifier { side: Overlord, index: 1 }
        duration: 300
        sound: "<AudioClipAddress>"
    UpdateGameView: 
        opponent: 
            side: Champion
            score: 1
        current_priority: Opponent
        raid_active: true
    MoveGameObjects: 
        id: CardIdentifier { side: Overlord, index: 1 }
        position: 
            sorting_key: 7
            position: ObjectPositionIdentity { owner: Opponent }
    MoveGameObjects: 
        id: CardIdentifier { side: Overlord, index: 1 }
        position: 
            sorting_key: 7
            position: ObjectPositionIdentity { owner: Opponent }
    MoveGameObjects: 
        id: Identity(Opponent)
        position: 
            sorting_key: 0
            position: ObjectPositionRaid
