---
source: crates/spelldawn/tests/it/rules/raid_tests.rs
assertion_line: 242
expression: "Summary::run(&response)"

---

command_list: 
    FireProjectile: 
        source_id: CardIdentifier { side: Champion, index: 1 }
        target_id: CardIdentifier { side: Overlord, index: 2 }
        projectile: "<ProjectileAddress>"
        travel_duration: 300
        wait_duration: 300
    UpdateGameView: 
        user: 
            side: Champion
            mana: 96
        current_priority: User
        raid_active: true
    CreateOrUpdateCard: 
        card: 
            card_id: CardIdentifier { side: Overlord, index: 1 }
            owning_player: Opponent
            revealed_card: 
                card_frame: "<SpriteAddress>"
                title_background: "<SpriteAddress>"
                jewel: "<SpriteAddress>"
                image: "<SpriteAddress>"
                title: "<CardTitle>"
                rules_text: "<RulesText>"
                revealed_in_arena: true
                targeting: "PickRoom"
                on_release_position: 
                    sorting_key: 4294967295
                    position: ObjectPositionRoom { room_id: Unspecified, room_location: Back }
                can_play: false
        create_position: 
            sorting_key: 2
            position: ObjectPositionRoom { room_id: RoomA, room_location: Back }
        create_animation: Unspecified
    MoveGameObjects: 
        id: CardIdentifier { side: Overlord, index: 2 }
        position: 
            sorting_key: 4
            position: ObjectPositionRoom { room_id: RoomA, room_location: Front }
    MoveGameObjects: 
        id: Identity(User)
        position: 
            sorting_key: 1
            position: ObjectPositionRaid
    RenderInterface: 
    panels: 
        main_controls: 
            node: 
                text: "End Raid"
        card_anchor_nodes: 
            card_id: CardIdentifier { side: Overlord, index: 1 }
            node: 
                text: "Score!"
        anchors: 
            node_corner: TopLeft
            card_corner: BottomLeft
            node_corner: TopRight
            card_corner: BottomRight
channel_response: 
    FireProjectile: 
        source_id: CardIdentifier { side: Champion, index: 1 }
        target_id: CardIdentifier { side: Overlord, index: 2 }
        projectile: "<ProjectileAddress>"
        travel_duration: 300
        wait_duration: 300
    UpdateGameView: 
        opponent: 
            side: Champion
            mana: 96
        current_priority: Opponent
        raid_active: true
    CreateOrUpdateCard: 
        card: 
            card_id: CardIdentifier { side: Overlord, index: 1 }
            owning_player: User
            revealed_card: 
                revealed_in_arena: true
                can_play: false
        create_position: 
            sorting_key: 2
            position: ObjectPositionRoom { room_id: RoomA, room_location: Back }
        create_animation: Unspecified
    MoveGameObjects: 
        id: CardIdentifier { side: Overlord, index: 2 }
        position: 
            sorting_key: 4
            position: ObjectPositionRoom { room_id: RoomA, room_location: Front }
    MoveGameObjects: 
        id: Identity(Opponent)
        position: 
            sorting_key: 1
            position: ObjectPositionRaid
