---
source: crates/spelldawn/tests/it/rules/action_tests.rs
assertion_line: 124
expression: "Summary::run(&response)"
---

command_list: 
    UpdateGameView: 
        user: 
            side: Overlord
            action_tracker: 2
        current_priority: User
        raid_active: false
    CreateOrUpdateCard: 
        card: 
            card_id: O45
            revealed_to_viewer: true
            is_face_up: false
            owning_player: User
            revealed_card: 
                targeting: 
                valid_rooms: 
        create_position: 
            sorting_key: 2
            position: ObjectPositionRoom { room_id: RoomA, room_location: Back }
        create_animation: Unspecified
    MoveGameObjects: 
        id: O45
        position: 
            sorting_key: 2
            position: ObjectPositionRoom { room_id: RoomA, room_location: Back }
channel_response: 
    UpdateGameView: 
        opponent: 
            side: Overlord
            action_tracker: 2
        current_priority: Opponent
        raid_active: false
    MoveGameObjects: 
        id: O45
        position: 
            sorting_key: 2
            position: ObjectPositionRoom { room_id: RoomA, room_location: Back }
