---
source: crates/spelldawn/tests/it/rules/raid_tests.rs
assertion_line: 117
expression: "Summary::run(&response)"

---

command_list: 
    UpdateGameView: 
        user: 
            side: Overlord
            mana: 996
        current_priority: Opponent
        raid_active: true
    CreateOrUpdateCard: 
        card: 
            card_id: O44
            owning_player: User
            revealed_card: 
                revealed_in_arena: true
                can_play: false
        create_position: 
            sorting_key: 4
            position: ObjectPositionRoom { room_id: RoomA, room_location: Front }
        create_animation: Unspecified
    RenderInterface: 
    panels: 
        main_controls: 
            node: 
                text: "Waiting for Opponent..."
        card_anchor_nodes: 
channel_response: 
    UpdateGameView: 
        opponent: 
            side: Overlord
            mana: 996
        current_priority: User
        raid_active: true
    CreateOrUpdateCard: 
        card: 
            card_id: O44
            card_icons: 
                top_left_icon: "3"
                bottom_right_icon: "5"
            owning_player: Opponent
            revealed_card: 
                card_frame: "<SpriteAddress>"
                title_background: "<SpriteAddress>"
                jewel: "<SpriteAddress>"
                image: "<SpriteAddress>"
                title: "Test Minion 5 Health"
                rules_text: "<RulesText>"
                revealed_in_arena: true
                targeting: "PickRoom"
                on_release_position: 
                    sorting_key: 4294967295
                    position: ObjectPositionRoom { room_id: Unspecified, room_location: Front }
                can_play: false
        create_position: 
            sorting_key: 4
            position: ObjectPositionRoom { room_id: RoomA, room_location: Front }
        create_animation: Unspecified
    RenderInterface: 
    panels: 
        main_controls: 
            node: 
                text: "Test Weapon 3 Attack 12 Boost\n1\u{f06d}"
                text: "Continue"
        card_anchor_nodes: 
