---
source: crates/spelldawn/tests/it/rules/action_tests.rs
assertion_line: 248
expression: "Summary::run(&response)"

---

command_list: 
    UpdateGameView: 
        user: 
            side: Overlord
            mana: 8
            action_tracker: 0
        opponent: 
            side: Champion
            action_tracker: 3
        current_priority: Opponent
        raid_active: false
    DisplayGameMessage: Dawn
channel_response: 
    UpdateGameView: 
        user: 
            side: Champion
            action_tracker: 3
        opponent: 
            side: Overlord
            mana: 8
            action_tracker: 0
        current_priority: User
        raid_active: false
    DisplayGameMessage: Dawn
